error[E0597]: `v` does not live long enough
  --> $DIR/method-ufcs-inherent-4.rs:15:37
   |
LL | fn foo<'a>() {
   |        -- lifetime `'a` defined here
LL |     let v = 22;
LL |     let x = <A<'a>>::new::<&'a u32>(&v, &v);
   |             ----------------------- ^^ borrowed value does not live long enough
   |             |
   |             type annotation requires that `v` is borrowed for `'a`
...
LL | }
   | - `v` dropped here while still borrowed
   |
help: you can remove unnecessary lifetime annotations here
  --> $DIR/method-ufcs-inherent-4.rs:15:13
   |
LL |     let x = <A<'a>>::new::<&'a u32>(&v, &v);
   |             ^^^^^^^^^^^^^^^^^^^^^^^

error[E0597]: `v` does not live long enough
  --> $DIR/method-ufcs-inherent-4.rs:15:41
   |
LL | fn foo<'a>() {
   |        -- lifetime `'a` defined here
LL |     let v = 22;
LL |     let x = <A<'a>>::new::<&'a u32>(&v, &v);
   |             -----------------------     ^^ borrowed value does not live long enough
   |             |
   |             type annotation requires that `v` is borrowed for `'a`
...
LL | }
   | - `v` dropped here while still borrowed
   |
help: you can remove unnecessary lifetime annotations here
  --> $DIR/method-ufcs-inherent-4.rs:15:13
   |
LL |     let x = <A<'a>>::new::<&'a u32>(&v, &v);
   |             ^^^^^^^^^^^^^^^^^^^^^^^

error: aborting due to 2 previous errors

For more information about this error, try `rustc --explain E0597`.
