error[E0597]: `s` does not live long enough
  --> $DIR/lifetime-update.rs:20:17
   |
LL |         lt_str: &s,
   |                 ^^ borrowed value does not live long enough
...
LL |     let m2: Machine<'static, State1> = Machine {
   |             ------------------------ type annotation requires that `s` is borrowed for `'static`
...
LL | }
   | - `s` dropped here while still borrowed
   |
help: you can remove unnecessary lifetime annotations here
  --> $DIR/lifetime-update.rs:38:13
   |
LL |     let m2: Machine<'static, State1> = Machine {
   |             ^^^^^^^^^^^^^^^^^^^^^^^^

error: aborting due to previous error

For more information about this error, try `rustc --explain E0597`.
