error: lifetime may not live long enough
  --> $DIR/ref-self-async.rs:23:9
   |
LL |     async fn ref_self(&self, f: &u32) -> &u32 {
   |                        -         - let's call the lifetime of this reference `'1`
   |                        |
   |                        let's call the lifetime of this reference `'2`
LL |         f
   |         ^ method was supposed to return data with lifetime `'2` but it is returning data with lifetime `'1`
   |
help: consider introducing a named lifetime parameter and update trait if needed
   |
LL |     async fn ref_self<'a>('aself, f: 'au32) -> &u32 {
   |                      ++++ ~~         ~~

error: lifetime may not live long enough
  --> $DIR/ref-self-async.rs:30:9
   |
LL |     async fn ref_Self(self: &Self, f: &u32) -> &u32 {
   |                              -         - let's call the lifetime of this reference `'1`
   |                              |
   |                              let's call the lifetime of this reference `'2`
LL |         f
   |         ^ method was supposed to return data with lifetime `'2` but it is returning data with lifetime `'1`
   |
help: consider introducing a named lifetime parameter and update trait if needed
   |
LL |     async fn ref_Self<'a>(self: 'aSelf, f: 'au32) -> &u32 {
   |                      ++++       ~~         ~~

error: lifetime may not live long enough
  --> $DIR/ref-self-async.rs:35:9
   |
LL |     async fn box_ref_Self(self: Box<&Self>, f: &u32) -> &u32 {
   |                                      -          - let's call the lifetime of this reference `'1`
   |                                      |
   |                                      let's call the lifetime of this reference `'2`
LL |         f
   |         ^ method was supposed to return data with lifetime `'2` but it is returning data with lifetime `'1`
   |
help: consider introducing a named lifetime parameter and update trait if needed
   |
LL |     async fn box_ref_Self<'a>(self: Box<'aSelf>, f: 'au32) -> &u32 {
   |                          ++++           ~~          ~~

error: lifetime may not live long enough
  --> $DIR/ref-self-async.rs:40:9
   |
LL |     async fn pin_ref_Self(self: Pin<&Self>, f: &u32) -> &u32 {
   |                                      -          - let's call the lifetime of this reference `'1`
   |                                      |
   |                                      let's call the lifetime of this reference `'2`
LL |         f
   |         ^ method was supposed to return data with lifetime `'2` but it is returning data with lifetime `'1`
   |
help: consider introducing a named lifetime parameter and update trait if needed
   |
LL |     async fn pin_ref_Self<'a>(self: Pin<'aSelf>, f: 'au32) -> &u32 {
   |                          ++++           ~~          ~~

error: lifetime may not live long enough
  --> $DIR/ref-self-async.rs:45:9
   |
LL |     async fn box_box_ref_Self(self: Box<Box<&Self>>, f: &u32) -> &u32 {
   |                                              -           - let's call the lifetime of this reference `'1`
   |                                              |
   |                                              let's call the lifetime of this reference `'2`
LL |         f
   |         ^ method was supposed to return data with lifetime `'2` but it is returning data with lifetime `'1`
   |
help: consider introducing a named lifetime parameter and update trait if needed
   |
LL |     async fn box_box_ref_Self<'a>(self: Box<Box<'aSelf>>, f: 'au32) -> &u32 {
   |                              ++++               ~~           ~~

error: lifetime may not live long enough
  --> $DIR/ref-self-async.rs:50:9
   |
LL |     async fn box_pin_ref_Self(self: Box<Pin<&Self>>, f: &u32) -> &u32 {
   |                                              -           - let's call the lifetime of this reference `'1`
   |                                              |
   |                                              let's call the lifetime of this reference `'2`
LL |         f
   |         ^ method was supposed to return data with lifetime `'2` but it is returning data with lifetime `'1`
   |
help: consider introducing a named lifetime parameter and update trait if needed
   |
LL |     async fn box_pin_ref_Self<'a>(self: Box<Pin<'aSelf>>, f: 'au32) -> &u32 {
   |                              ++++               ~~           ~~

error: lifetime may not live long enough
  --> $DIR/ref-self-async.rs:55:9
   |
LL |     async fn wrap_ref_Self_Self(self: Wrap<&Self, Self>, f: &u8) -> &u8 {
   |                                             -                - let's call the lifetime of this reference `'1`
   |                                             |
   |                                             let's call the lifetime of this reference `'2`
LL |         f
   |         ^ method was supposed to return data with lifetime `'2` but it is returning data with lifetime `'1`
   |
help: consider introducing a named lifetime parameter and update trait if needed
   |
LL |     async fn wrap_ref_Self_Self<'a>(self: Wrap<'aSelf, Self>, f: 'au8) -> &u8 {
   |                                ++++            ~~                ~~

error: aborting due to 7 previous errors

